{"error":"Cannot delete or update a parent row: a foreign key constraint fails (`projectdb`.`detalle_orden`, CONSTRAINT `fk_detalle_orden` FOREIGN KEY (`id_orden`) REFERENCES `ordenes` (`id_orden`) ON UPDATE CASCADE)","level":"error","message":"Error al eliminar Orden","timestamp":"2026-02-01 00:34:06"}
{"level":"error","message":"500 - Cannot delete or update a parent row: a foreign key constraint fails (`projectdb`.`detalle_orden`, CONSTRAINT `fk_detalle_orden` FOREIGN KEY (`id_orden`) REFERENCES `ordenes` (`id_orden`) ON UPDATE CASCADE) - /api/ordenes/9 - DELETE - ::1","timestamp":"2026-02-01 00:34:06"}
{"error":"Cannot delete or update a parent row: a foreign key constraint fails (`projectdb`.`detalle_orden`, CONSTRAINT `fk_detalle_orden` FOREIGN KEY (`id_orden`) REFERENCES `ordenes` (`id_orden`) ON UPDATE CASCADE)","level":"error","message":"Error al eliminar Orden","timestamp":"2026-02-01 00:34:11"}
{"level":"error","message":"500 - Cannot delete or update a parent row: a foreign key constraint fails (`projectdb`.`detalle_orden`, CONSTRAINT `fk_detalle_orden` FOREIGN KEY (`id_orden`) REFERENCES `ordenes` (`id_orden`) ON UPDATE CASCADE) - /api/ordenes/9 - DELETE - ::1","timestamp":"2026-02-01 00:34:11"}
{"error":"Cannot delete or update a parent row: a foreign key constraint fails (`projectdb`.`detalle_orden`, CONSTRAINT `fk_detalle_orden` FOREIGN KEY (`id_orden`) REFERENCES `ordenes` (`id_orden`) ON UPDATE CASCADE)","level":"error","message":"Error al eliminar Orden","timestamp":"2026-02-01 00:34:41"}
{"level":"error","message":"500 - Cannot delete or update a parent row: a foreign key constraint fails (`projectdb`.`detalle_orden`, CONSTRAINT `fk_detalle_orden` FOREIGN KEY (`id_orden`) REFERENCES `ordenes` (`id_orden`) ON UPDATE CASCADE) - /api/ordenes/9 - DELETE - ::1","timestamp":"2026-02-01 00:34:41"}
{"error":"Validation error","level":"error","message":"Error creando usuario","timestamp":"2026-02-01 00:42:52"}
{"error":"Validation error","level":"error","message":"Error creando usuario","timestamp":"2026-02-01 00:47:24"}
{"error":"Validation error","level":"error","message":"Error creando usuario","timestamp":"2026-02-01 00:48:21"}
{"error":"Cannot delete or update a parent row: a foreign key constraint fails (`projectdb`.`ordenes`, CONSTRAINT `fk_orden_usuario` FOREIGN KEY (`id_usuario`) REFERENCES `usuarios` (`id_usuario`) ON UPDATE CASCADE)","id_usuario":"18","level":"error","message":"Error eliminando usuario","timestamp":"2026-02-01 00:54:50"}
{"error":"Cannot delete or update a parent row: a foreign key constraint fails (`projectdb`.`ordenes`, CONSTRAINT `fk_orden_usuario` FOREIGN KEY (`id_usuario`) REFERENCES `usuarios` (`id_usuario`) ON UPDATE CASCADE)","id_usuario":"2","level":"error","message":"Error eliminando usuario","timestamp":"2026-02-01 00:54:52"}
{"error":"Cannot delete or update a parent row: a foreign key constraint fails (`projectdb`.`ordenes`, CONSTRAINT `fk_orden_usuario` FOREIGN KEY (`id_usuario`) REFERENCES `usuarios` (`id_usuario`) ON UPDATE CASCADE)","id_usuario":"2","level":"error","message":"Error eliminando usuario","timestamp":"2026-02-01 00:54:54"}
{"error":"Cannot delete or update a parent row: a foreign key constraint fails (`projectdb`.`ordenes`, CONSTRAINT `fk_orden_usuario` FOREIGN KEY (`id_usuario`) REFERENCES `usuarios` (`id_usuario`) ON UPDATE CASCADE)","id_usuario":"2","level":"error","message":"Error eliminando usuario","timestamp":"2026-02-01 00:54:56"}
{"error":"Cannot delete or update a parent row: a foreign key constraint fails (`projectdb`.`ordenes`, CONSTRAINT `fk_orden_usuario` FOREIGN KEY (`id_usuario`) REFERENCES `usuarios` (`id_usuario`) ON UPDATE CASCADE)","id_usuario":"2","level":"error","message":"Error eliminando usuario","timestamp":"2026-02-01 00:54:59"}
{"error":"Cannot delete or update a parent row: a foreign key constraint fails (`projectdb`.`ordenes`, CONSTRAINT `fk_orden_usuario` FOREIGN KEY (`id_usuario`) REFERENCES `usuarios` (`id_usuario`) ON UPDATE CASCADE)","id_usuario":"3","level":"error","message":"Error eliminando usuario","timestamp":"2026-02-01 00:55:01"}
{"error":"Cannot delete or update a parent row: a foreign key constraint fails (`projectdb`.`ordenes`, CONSTRAINT `fk_orden_usuario` FOREIGN KEY (`id_usuario`) REFERENCES `usuarios` (`id_usuario`) ON UPDATE CASCADE)","id_usuario":"17","level":"error","message":"Error eliminando usuario","timestamp":"2026-02-01 00:55:03"}
{"error":"Cannot delete or update a parent row: a foreign key constraint fails (`projectdb`.`ordenes`, CONSTRAINT `fk_orden_usuario` FOREIGN KEY (`id_usuario`) REFERENCES `usuarios` (`id_usuario`) ON UPDATE CASCADE)","id_usuario":"17","level":"error","message":"Error eliminando usuario","timestamp":"2026-02-01 00:55:06"}
{"error":"Cannot delete or update a parent row: a foreign key constraint fails (`projectdb`.`ordenes`, CONSTRAINT `fk_orden_usuario` FOREIGN KEY (`id_usuario`) REFERENCES `usuarios` (`id_usuario`) ON UPDATE CASCADE)","id_usuario":"2","level":"error","message":"Error eliminando usuario","timestamp":"2026-02-01 00:55:22"}
{"level":"error","message":"500 - Field 'nombre_juego' doesn't have a default value - /api/ordenes/2 - PUT - ::1","timestamp":"2026-02-01 01:17:44"}
{"level":"error","message":"500 - Field 'nombre_juego' doesn't have a default value - /api/ordenes/2 - PUT - ::1","timestamp":"2026-02-01 01:18:55"}
